---
source: src/parser.rs
expression: "format!(\"{:?}\", Parser :: new(\"a;\").statement())"
---
Expr(Var("a"))
