---
source: src/parser.rs
expression: "format!(\"{:?}\", Parser :: new(\"while (x < 7) y;\").statement())"
---
While(Lt(Var("x"), Cst(7)), Expr(Var("y")))
