---
source: src/tests.rs
expression: show_code(ex)
---
[Push, Integer(1), Store, Address(8), Pop, Fetch, Address(8), Push, Integer(10), Add, Store, Address(8), Pop, Fetch, Address(8), Push, Integer(50), Lt, Jnz, Address(5), Halt]
