---
source: src/parser.rs
expression: "format!(\"{:?}\", Parser :: new(\";\").statement())"
---
Empty
