---
source: src/parser.rs
expression: "format!(\"{:?}\", Parser :: new(\"a\").cond())"
---
Var("a")
